{"HostConfigHash":"febd141","CardHash":"dedac4f","Error":null}