{"HostConfigHash":"febd141","CardHash":"761d3b1","Error":null}