{"HostConfigHash":"febd141","CardHash":"c4e7366","Error":null}