{"HostConfigHash":"04138f4","CardHash":"c4e7366","Error":null}