{"HostConfigHash":"04138f4","CardHash":"dedac4f","Error":null}