{"HostConfigHash":"04138f4","CardHash":"761d3b1","Error":null}