{"HostConfigHash":"45c4c50","CardHash":"c4e7366","Error":null}