{"HostConfigHash":"3e47fb4","CardHash":"c4e7366","Error":null}