{"HostConfigHash":"45c4c50","CardHash":"761d3b1","Error":null}