{"HostConfigHash":"3e47fb4","CardHash":"dedac4f","Error":null}