{"HostConfigHash":"45c4c50","CardHash":"dedac4f","Error":null}