{"HostConfigHash":"3e47fb4","CardHash":"761d3b1","Error":null}