{"HostConfigHash":"2ac7c52","CardHash":"c4e7366","Error":null}