{"HostConfigHash":"2ac7c52","CardHash":"dedac4f","Error":null}