{"HostConfigHash":"2ac7c52","CardHash":"761d3b1","Error":null}