{"HostConfigHash":"e3927b5","CardHash":"c4e7366","Error":null}