{"HostConfigHash":"e188ab9","CardHash":"dedac4f","Error":null}