{"HostConfigHash":"e188ab9","CardHash":"c4e7366","Error":null}