{"HostConfigHash":"e3927b5","CardHash":"dedac4f","Error":null}