{"HostConfigHash":"e3927b5","CardHash":"761d3b1","Error":null}