{"HostConfigHash":"e188ab9","CardHash":"761d3b1","Error":null}